2916685789
1931661196
2308072951
1129808771
1388921913
2463921740
1089320325
4385781
2122284944
2021740513
1790896246
3036034277
3389449444
1309294837
956669721
2282812305
1900114442
917972105
3572839027
2704374516
982057783
949194702
1019620276
3487182585
931870417
1523249910
3204002582
3389421428
2441098213
3943170233
3569303302
2717661887
1686558187
625242565
1256562024
894148395
3597863697
961903365
269433364
2380982987
4074746277
2136298545
3889713374
2302969931
3374705499
3328346490
3572465896
3894539072
1040162786
2870097336
1661633800
3180010717
3490126543
3784053718
2146405114
4085317767
992635585
2732033636
638190092
2363123691
1794616891
579002692
1118000517
3011519583
794835774
2037943838
4201525594
4042765665
126120793
255170134
4196357416
864946870
3309957192
3417881853
3706790004